// Jest Snapshot v1, https://goo.gl/fbAQLP

exports[`<Dashboard /> matches snapshot 1`] = `
Array [
  <div
    className="display panel"
    data-testid="display"
  >
    <div
      className="led green-led"
      data-testid="lockedStatus"
    >
      Unlocked
    </div>
    <div
      className="led green-led"
      data-testid="openStatus"
    >
      Open
    </div>
  </div>,
  <div
    className="controls panel"
    data-testid="controls"
  >
    <button
      className="toggle-btn"
      data-testid="control-lock-unlock"
      disabled={true}
      onClick={[Function]}
    >
      Lock Gate
    </button>
    <button
      className="toggle-btn"
      data-testid="control-open-close"
      disabled={false}
      onClick={[Function]}
    >
      Close Gate
    </button>
  </div>,
]
`;
